// Jest Snapshot v1, https://goo.gl/fbAQLP

exports[`Pruebas en <MultileCustomHooks /> debe mostrarse correctamente 1`] = `
<Fragment>
  <h1>
    BrakingBad Quotes
  </h1>
  <hr />
  <div
    className="alert alert-info text-center"
  >
    Loading...
  </div>
  <button
    className="btn btn-primary"
    onClick={[Function]}
  >
    Next quote
  </button>
</Fragment>
`;
